
R version 2.15.1 (2012-06-22) -- "Roasted Marshmallows"
Copyright (C) 2012 The R Foundation for Statistical Computing
ISBN 3-900051-07-0
Platform: i386-apple-darwin9.8.0/i386 (32-bit)

R is free software and comes with ABSOLUTELY NO WARRANTY.
You are welcome to redistribute it under certain conditions.
Type 'license()' or 'licence()' for distribution details.

  Natural language support but running in an English locale

R is a collaborative project with many contributors.
Type 'contributors()' for more information and
'citation()' on how to cite R or R packages in publications.

Type 'demo()' for some demos, 'help()' for on-line help, or
'help.start()' for an HTML browser interface to help.
Type 'q()' to quit R.

[Previously saved workspace restored]

> #!/usr/bin/Rscript
> #library(lymphclon)
> 
> source('simulate.clonality.data.R')
Loading required package: Matrix
Loading required package: lattice

Attaching package: ‘expm’

The following object(s) are masked from ‘package:Matrix’:

    expm

Loading required package: splines
Loading required package: stats4

Attaching package: ‘VGAM’

The following object(s) are masked from ‘package:stats4’:

    coef

The following object(s) are masked from ‘package:splines’:

    bs, ns

The following object(s) are masked from ‘package:MASS’:

    huber

The following object(s) are masked from ‘package:stats’:

    case.names, coef, coefficients, df.residual, dfbeta, fitted,
    fitted.values, formula, hatvalues, poly, residuals, variable.names,
    weights

The following object(s) are masked from ‘package:base’:

    identity, scale.default

> source('infer.clonality.R')
Warning message:
package ‘corpcor’ was built under R version 2.15.3 
> 
> curr.args <- commandArgs(trailingOnly = FALSE)
> settings.index <- as.integer(curr.args[length(curr.args)])
Warning message:
NAs introduced by coercion 
> #print(curr.args)
> 
> #sets.of.8.vec <- 1:4
> sets.of.8.vec <- 1
> clonal.power.vec <- - (0:20) / 20 
> #num.cells.scaling.vec <- c(0.1, 0.2, 0.5, 1.0, 2.0, 5.0, 10)
> num.cells.scaling.vec <- 1
> 
> raw.settings.table <- expand.grid(sets.of.8.vec, clonal.power.vec, num.cells.scaling.vec)
> # at least 2 must match, the other parameter is floating
> default.settings <- c(1, -0.7, 1.0)
> valid.settings <- apply(raw.settings.table, 1, function(x){2 <= sum(1e-10 > abs(x - default.settings))}) 
> settings.table <- raw.settings.table[valid.settings, ]
> 
> curr.settings <- as.numeric(settings.table[settings.index, ])
> sets.of.8 <- curr.settings[1]
> clonal.power <- curr.settings[2]
> num.cells.scaling <- curr.settings[3]
> 
> base.num.cells.taken.vector <- round(c(rep(1000, 15), rep(10000, 3)) * num.cells.scaling)
> num.cells.taken.vector <- rep(base.num.cells.taken.vector, sets.of.8)
Error in rep(base.num.cells.taken.vector, sets.of.8) : 
  invalid 'times' argument
Execution halted
